%!Adobe-FontList 1.14
%Locale:0x1009

%BeginFont
Handler:DirectoryHandler
FontType:TrueType
FontName:Ailerons
FamilyName:Ailerons
StyleName:Regular
FullName:Ailerons
MenuName:Ailerons
StyleBits:0
WritingScript:Roman
OutlineFileName:C:\Users\Aiken\Desktop\NWHacks\Web stuff for Tristan\More Stuff\Document fonts\Ailerons.ttf
DataFormat:sfntData
FileLength:389840
FileModTime:1444640739
WeightClass:400
WidthClass:5
AngleClass:0
%EndFont

%BeginFont
Handler:DirectoryHandler
FontType:Type1
FontName:LFTEtica-Book
FamilyName:LFT Etica
StyleName:Book
FullName:LFT Etica Book
MenuName:LFT Etica Bk
StyleBits:0
WritingScript:Roman
OutlineFileName:C:\Users\Aiken\Desktop\NWHacks\Web stuff for Tristan\More Stuff\Document fonts\LFT_Etica_Book.otf
DataFormat:sfntData
UsesStandardEncoding:yes
isCFF:yes
FileLength:122676
FileModTime:1342891704
WeightClass:350
WidthClass:5
AngleClass:0
%EndFont

%BeginFont
Handler:DirectoryHandler
FontType:Type1
FontName:LFTEtica-Light
FamilyName:LFT Etica
StyleName:Light
FullName:LFT Etica Light
MenuName:LFT Etica Lt
StyleBits:0
WritingScript:Roman
OutlineFileName:C:\Users\Aiken\Desktop\NWHacks\Web stuff for Tristan\More Stuff\Document fonts\LFT_Etica_Light.otf
DataFormat:sfntData
UsesStandardEncoding:yes
isCFF:yes
FileLength:121980
FileModTime:1342891708
WeightClass:300
WidthClass:5
AngleClass:0
%EndFont

%BeginFont
Handler:DirectoryHandler
FontType:Type1
FontName:LFTEtica-Regular
FamilyName:LFT Etica
StyleName:Regular
FullName:LFT Etica Regular
MenuName:LFT Etica
StyleBits:0
WritingScript:Roman
OutlineFileName:C:\Users\Aiken\Desktop\NWHacks\Web stuff for Tristan\More Stuff\Document fonts\LFT_Etica_Reg.otf
DataFormat:sfntData
UsesStandardEncoding:yes
isCFF:yes
FileLength:122236
FileModTime:1342891702
WeightClass:400
WidthClass:5
AngleClass:0
%EndFont

%BeginFont
Handler:DirectoryHandler
FontType:Type1
FontName:LFTEtica-SemiBold
FamilyName:LFT Etica
StyleName:SemiBold
FullName:LFT Etica SemiBold
MenuName:LFT Etica SB
StyleBits:0
WritingScript:Roman
OutlineFileName:C:\Users\Aiken\Desktop\NWHacks\Web stuff for Tristan\More Stuff\Document fonts\LFT_Etica_Semibold.otf
DataFormat:sfntData
UsesStandardEncoding:yes
isCFF:yes
FileLength:123748
FileModTime:1342891710
WeightClass:600
WidthClass:5
AngleClass:0
%EndFont

